[www.kabum.com.br/produto/426194/gift-card-google-play-15-reais-cartao-presente-digital.html]
[backblue.gif]
[fade.gif]
[index.html]
[www.kabum.com.br/core/_next/static/css/fe13526e8b36a41f.css]
[www.kabum.com.br/core/_next/static/css/6895068b38b5152d.css]
[www.kabum.com.br/core/_next/static/chunks/3360.0370e89ba2345308.js]
[kabum.api.useinsider.com/ins2ce3.js]
[www.kabum.com.br/core/_next/static/chunks/polyfills-c67a75d1b6f99dc8.js]
[www.kabum.com.br/core/_next/static/chunks/webpack-967b0f3795448d75.js]
[www.kabum.com.br/core/_next/static/chunks/framework-635f4251d9a94b4c.js]
[www.kabum.com.br/core/_next/static/chunks/main-b86d963f28caff23.js]
[www.kabum.com.br/core/_next/static/chunks/pages/_app-3f203d713155e578.js]
[www.kabum.com.br/core/_next/static/chunks/6142-1fe90a815bf32a2b.js]
[www.kabum.com.br/core/_next/static/chunks/8042-d59140c26eed0a7b.js]
[www.kabum.com.br/core/_next/static/chunks/2309-d912fcb4709f3bff.js]
[www.kabum.com.br/core/_next/static/chunks/2869-f60dab7946db7c36.js]
[www.kabum.com.br/core/_next/static/chunks/pages/produto/[...slug]-6a1405215d49529d.js]
[www.kabum.com.br/core/_next/static/nDrsIghfUP0HgAP1Pte59/_buildManifest.js]
[www.kabum.com.br/core/_next/static/nDrsIghfUP0HgAP1Pte59/_ssgManifest.js]
[images9.kabum.com.br/produtos/fabricantes/logo-google.jpg]
[images4.kabum.com.br/produtos/fotos/426194/gift-card-google-play-15-reais-cartao-presente-digital_1677588318_p.jpg]
[images4.kabum.com.br/produtos/fotos/426194/gift-card-google-play-15-reais-cartao-presente-digital_1677588318_g.jpg]
[images4.kabum.com.br/produtos/fotos/426194/gift-card-google-play-15-reais-cartao-presente-digital_1677588318_gg.jpg]
[www.kabum.com.br/produto/426194/gift-card-google-play-15-reais-cartao-presente-digital.html]
[www.googletagmanager.com/gtm5445.html]
[www.kabum.com.br/core/_next/static/css/fe13526e8b36a41f.css]
[www.kabum.com.br/core/_next/static/css/6895068b38b5152d.css]
